WARNING: A terminally deprecated method in sun.misc.Unsafe has been called
WARNING: sun.misc.Unsafe::staticFieldBase has been called by com.google.inject.internal.aop.HiddenClassDefiner (file:/Users/kaungkhantsithu/.m2/wrapper/dists/apache-maven-3.9.11/a2d47e15/lib/guice-5.1.0-classes.jar)
WARNING: Please consider reporting this to the maintainers of class com.google.inject.internal.aop.HiddenClassDefiner
WARNING: sun.misc.Unsafe::staticFieldBase will be removed in a future release
[INFO] Scanning for projects...
[INFO] 
[INFO] -------------------------< com.kkst:myCinema >--------------------------
[INFO] Building myCinema 0.0.1-SNAPSHOT
[INFO]   from pom.xml
[INFO] --------------------------------[ jar ]---------------------------------
Downloading from projectlombok.org: https://projectlombok.org/edge-releases/org/projectlombok/lombok/1.18.36/lombok-1.18.36.pom
Downloading from central: https://repo.maven.apache.org/maven2/org/projectlombok/lombok/1.18.36/lombok-1.18.36.pom
Progress (1): 1.1 kBProgress (1): 1.5 kB                    Downloaded from central: https://repo.maven.apache.org/maven2/org/projectlombok/lombok/1.18.36/lombok-1.18.36.pom (1.5 kB at 14 kB/s)
Downloading from projectlombok.org: https://projectlombok.org/edge-releases/org/projectlombok/lombok/1.18.36/lombok-1.18.36.jar
Downloading from central: https://repo.maven.apache.org/maven2/org/projectlombok/lombok/1.18.36/lombok-1.18.36.jar
Progress (1): 0/2.1 MBProgress (1): 0/2.1 MBProgress (1): 0/2.1 MBProgress (1): 0/2.1 MBProgress (1): 0/2.1 MBProgress (1): 0/2.1 MBProgress (1): 0/2.1 MBProgress (1): 0/2.1 MBProgress (1): 0/2.1 MBProgress (1): 0/2.1 MBProgress (1): 0/2.1 MBProgress (1): 0/2.1 MBProgress (1): 0/2.1 MBProgress (1): 0/2.1 MBProgress (1): 0/2.1 MBProgress (1): 0/2.1 MBProgress (1): 0/2.1 MBProgress (1): 0/2.1 MBProgress (1): 0/2.1 MBProgress (1): 0/2.1 MBProgress (1): 0/2.1 MBProgress (1): 0/2.1 MBProgress (1): 0/2.1 MBProgress (1): 0/2.1 MBProgress (1): 0/2.1 MBProgress (1): 0/2.1 MBProgress (1): 0/2.1 MBProgress (1): 0/2.1 MBProgress (1): 0/2.1 MBProgress (1): 0/2.1 MBProgress (1): 0/2.1 MBProgress (1): 0/2.1 MBProgress (1): 0/2.1 MBProgress (1): 0/2.1 MBProgress (1): 0/2.1 MBProgress (1): 0/2.1 MBProgress (1): 0/2.1 MBProgress (1): 0.1/2.1 MBProgress (1): 0.1/2.1 MBProgress (1): 0.1/2.1 MBProgress (1): 0.1/2.1 MBProgress (1): 0.1/2.1 MBProgress (1): 0.1/2.1 MBProgress (1): 0.1/2.1 MBProgress (1): 0.1/2.1 MBProgress (1): 0.1/2.1 MBProgress (1): 0.1/2.1 MBProgress (1): 0.1/2.1 MBProgress (1): 0.1/2.1 MBProgress (1): 0.1/2.1 MBProgress (1): 0.1/2.1 MBProgress (1): 0.1/2.1 MBProgress (1): 0.1/2.1 MBProgress (1): 0.1/2.1 MBProgress (1): 0.1/2.1 MBProgress (1): 0.1/2.1 MBProgress (1): 0.1/2.1 MBProgress (1): 0.1/2.1 MBProgress (1): 0.1/2.1 MBProgress (1): 0.1/2.1 MBProgress (1): 0.1/2.1 MBProgress (1): 0.1/2.1 MBProgress (1): 0.2/2.1 MBProgress (1): 0.2/2.1 MBProgress (1): 0.2/2.1 MBProgress (1): 0.2/2.1 MBProgress (1): 0.2/2.1 MBProgress (1): 0.2/2.1 MBProgress (1): 0.2/2.1 MBProgress (1): 0.2/2.1 MBProgress (1): 0.2/2.1 MBProgress (1): 0.2/2.1 MBProgress (1): 0.2/2.1 MBProgress (1): 0.2/2.1 MBProgress (1): 0.2/2.1 MBProgress (1): 0.2/2.1 MBProgress (1): 0.2/2.1 MBProgress (1): 0.2/2.1 MBProgress (1): 0.2/2.1 MBProgress (1): 0.2/2.1 MBProgress (1): 0.2/2.1 MBProgress (1): 0.3/2.1 MBProgress (1): 0.3/2.1 MBProgress (1): 0.3/2.1 MBProgress (1): 0.3/2.1 MBProgress (1): 0.3/2.1 MBProgress (1): 0.3/2.1 MBProgress (1): 0.3/2.1 MBProgress (1): 0.4/2.1 MBProgress (1): 0.4/2.1 MBProgress (1): 0.4/2.1 MBProgress (1): 0.4/2.1 MBProgress (1): 0.4/2.1 MBProgress (1): 0.4/2.1 MBProgress (1): 0.5/2.1 MBProgress (1): 0.5/2.1 MBProgress (1): 0.5/2.1 MBProgress (1): 0.5/2.1 MBProgress (1): 0.5/2.1 MBProgress (1): 0.5/2.1 MBProgress (1): 0.5/2.1 MBProgress (1): 0.6/2.1 MBProgress (1): 0.6/2.1 MBProgress (1): 0.6/2.1 MBProgress (1): 0.6/2.1 MBProgress (1): 0.6/2.1 MBProgress (1): 0.6/2.1 MBProgress (1): 0.7/2.1 MBProgress (1): 0.7/2.1 MBProgress (1): 0.7/2.1 MBProgress (1): 0.7/2.1 MBProgress (1): 0.7/2.1 MBProgress (1): 0.7/2.1 MBProgress (1): 0.7/2.1 MBProgress (1): 0.8/2.1 MBProgress (1): 0.8/2.1 MBProgress (1): 0.8/2.1 MBProgress (1): 0.8/2.1 MBProgress (1): 0.8/2.1 MBProgress (1): 0.8/2.1 MBProgress (1): 0.9/2.1 MBProgress (1): 0.9/2.1 MBProgress (1): 0.9/2.1 MBProgress (1): 0.9/2.1 MBProgress (1): 0.9/2.1 MBProgress (1): 0.9/2.1 MBProgress (1): 1.0/2.1 MBProgress (1): 1.0/2.1 MBProgress (1): 1.0/2.1 MBProgress (1): 1.0/2.1 MBProgress (1): 1.0/2.1 MBProgress (1): 1.0/2.1 MBProgress (1): 1.1/2.1 MBProgress (1): 1.1/2.1 MBProgress (1): 1.1/2.1 MBProgress (1): 1.1/2.1 MBProgress (1): 1.1/2.1 MBProgress (1): 1.1/2.1 MBProgress (1): 1.2/2.1 MBProgress (1): 1.2/2.1 MBProgress (1): 1.2/2.1 MBProgress (1): 1.2/2.1 MBProgress (1): 1.2/2.1 MBProgress (1): 1.2/2.1 MBProgress (1): 1.3/2.1 MBProgress (1): 1.3/2.1 MBProgress (1): 1.3/2.1 MBProgress (1): 1.3/2.1 MBProgress (1): 1.3/2.1 MBProgress (1): 1.3/2.1 MBProgress (1): 1.3/2.1 MBProgress (1): 1.4/2.1 MBProgress (1): 1.4/2.1 MBProgress (1): 1.4/2.1 MBProgress (1): 1.4/2.1 MBProgress (1): 1.4/2.1 MBProgress (1): 1.4/2.1 MBProgress (1): 1.5/2.1 MBProgress (1): 1.5/2.1 MBProgress (1): 1.5/2.1 MBProgress (1): 1.5/2.1 MBProgress (1): 1.5/2.1 MBProgress (1): 1.5/2.1 MBProgress (1): 1.5/2.1 MBProgress (1): 1.6/2.1 MBProgress (1): 1.6/2.1 MBProgress (1): 1.6/2.1 MBProgress (1): 1.6/2.1 MBProgress (1): 1.6/2.1 MBProgress (1): 1.6/2.1 MBProgress (1): 1.7/2.1 MBProgress (1): 1.7/2.1 MBProgress (1): 1.7/2.1 MBProgress (1): 1.7/2.1 MBProgress (1): 1.7/2.1 MBProgress (1): 1.7/2.1 MBProgress (1): 1.8/2.1 MBProgress (1): 1.8/2.1 MBProgress (1): 1.8/2.1 MBProgress (1): 1.8/2.1 MBProgress (1): 1.8/2.1 MBProgress (1): 1.8/2.1 MBProgress (1): 1.9/2.1 MBProgress (1): 1.9/2.1 MBProgress (1): 1.9/2.1 MBProgress (1): 1.9/2.1 MBProgress (1): 1.9/2.1 MBProgress (1): 1.9/2.1 MBProgress (1): 2.0/2.1 MBProgress (1): 2.0/2.1 MBProgress (1): 2.0/2.1 MBProgress (1): 2.0/2.1 MBProgress (1): 2.0/2.1 MBProgress (1): 2.0/2.1 MBProgress (1): 2.0/2.1 MBProgress (1): 2.1 MB                        Downloaded from central: https://repo.maven.apache.org/maven2/org/projectlombok/lombok/1.18.36/lombok-1.18.36.jar (2.1 MB at 14 MB/s)
[INFO] 
[INFO] --- clean:3.3.2:clean (default-clean) @ myCinema ---
[INFO] Deleting /Users/kaungkhantsithu/IdeaProjects/myCinema/target
[INFO] 
[INFO] --- jacoco:0.8.11:prepare-agent (default) @ myCinema ---
[INFO] argLine set to -javaagent:/Users/kaungkhantsithu/.m2/repository/org/jacoco/org.jacoco.agent/0.8.11/org.jacoco.agent-0.8.11-runtime.jar=destfile=/Users/kaungkhantsithu/IdeaProjects/myCinema/target/jacoco.exec
[INFO] 
[INFO] --- resources:3.3.1:resources (default-resources) @ myCinema ---
[INFO] Copying 3 resources from src/main/resources to target/classes
[INFO] Copying 5 resources from src/main/resources to target/classes
[INFO] 
[INFO] --- compiler:3.13.0:compile (default-compile) @ myCinema ---
[INFO] Recompiling the module because of changed source code.
[INFO] Compiling 85 source files with javac [forked debug parameters release 21] to target/classes
[INFO] -------------------------------------------------------------
[ERROR] COMPILATION ERROR : 
[INFO] -------------------------------------------------------------
[ERROR] java.lang.ExceptionInInitializerError
	at lombok.javac.apt.LombokProcessor.placePostCompileAndDontMakeForceRoundDummiesHook(LombokProcessor.java:174)
	at lombok.javac.apt.LombokProcessor.init(LombokProcessor.java:96)
	at lombok.core.AnnotationProcessor$JavacDescriptor.want(AnnotationProcessor.java:160)
	at lombok.core.AnnotationProcessor.init(AnnotationProcessor.java:213)
	at lombok.launch.AnnotationProcessorHider$AnnotationProcessor.init(AnnotationProcessor.java:64)
	at jdk.compiler/com.sun.tools.javac.processing.JavacProcessingEnvironment$ProcessorState.<init>(JavacProcessingEnvironment.java:635)
	at jdk.compiler/com.sun.tools.javac.processing.JavacProcessingEnvironment$DiscoveredProcessors$ProcessorStateIterator.next(JavacProcessingEnvironment.java:761)
	at jdk.compiler/com.sun.tools.javac.processing.JavacProcessingEnvironment.discoverAndRunProcs(JavacProcessingEnvironment.java:857)
	at jdk.compiler/com.sun.tools.javac.processing.JavacProcessingEnvironment$Round.run(JavacProcessingEnvironment.java:1188)
	at jdk.compiler/com.sun.tools.javac.processing.JavacProcessingEnvironment.doProcessing(JavacProcessingEnvironment.java:1301)
	at jdk.compiler/com.sun.tools.javac.main.JavaCompiler.processAnnotations(JavaCompiler.java:1262)
	at jdk.compiler/com.sun.tools.javac.main.JavaCompiler.compile(JavaCompiler.java:938)
	at jdk.compiler/com.sun.tools.javac.main.Main.compile(Main.java:319)
	at jdk.compiler/com.sun.tools.javac.main.Main.compile(Main.java:178)
	at jdk.compiler/com.sun.tools.javac.Main.compile(Main.java:66)
	at jdk.compiler/com.sun.tools.javac.Main.main(Main.java:52)
Caused by: java.lang.NoSuchFieldException: com.sun.tools.javac.code.TypeTag :: UNKNOWN
	at lombok.permit.Permit.getField(Permit.java:144)
	at lombok.javac.JavacTreeMaker$SchroedingerType.getFieldCached(JavacTreeMaker.java:171)
	at lombok.javac.JavacTreeMaker$TypeTag.typeTag(JavacTreeMaker.java:259)
	at lombok.javac.Javac.<clinit>(Javac.java:187)
	... 16 more

[INFO] 1 error
[INFO] -------------------------------------------------------------
[INFO] ------------------------------------------------------------------------
[INFO] BUILD FAILURE
[INFO] ------------------------------------------------------------------------
[INFO] Total time:  7.330 s
[INFO] Finished at: 2025-12-04T22:24:59+07:00
[INFO] ------------------------------------------------------------------------
[ERROR] Failed to execute goal org.apache.maven.plugins:maven-compiler-plugin:3.13.0:compile (default-compile) on project myCinema: Compilation failure
[ERROR] java.lang.ExceptionInInitializerError
[ERROR] 	at lombok.javac.apt.LombokProcessor.placePostCompileAndDontMakeForceRoundDummiesHook(LombokProcessor.java:174)
[ERROR] 	at lombok.javac.apt.LombokProcessor.init(LombokProcessor.java:96)
[ERROR] 	at lombok.core.AnnotationProcessor$JavacDescriptor.want(AnnotationProcessor.java:160)
[ERROR] 	at lombok.core.AnnotationProcessor.init(AnnotationProcessor.java:213)
[ERROR] 	at lombok.launch.AnnotationProcessorHider$AnnotationProcessor.init(AnnotationProcessor.java:64)
[ERROR] 	at jdk.compiler/com.sun.tools.javac.processing.JavacProcessingEnvironment$ProcessorState.<init>(JavacProcessingEnvironment.java:635)
[ERROR] 	at jdk.compiler/com.sun.tools.javac.processing.JavacProcessingEnvironment$DiscoveredProcessors$ProcessorStateIterator.next(JavacProcessingEnvironment.java:761)
[ERROR] 	at jdk.compiler/com.sun.tools.javac.processing.JavacProcessingEnvironment.discoverAndRunProcs(JavacProcessingEnvironment.java:857)
[ERROR] 	at jdk.compiler/com.sun.tools.javac.processing.JavacProcessingEnvironment$Round.run(JavacProcessingEnvironment.java:1188)
[ERROR] 	at jdk.compiler/com.sun.tools.javac.processing.JavacProcessingEnvironment.doProcessing(JavacProcessingEnvironment.java:1301)
[ERROR] 	at jdk.compiler/com.sun.tools.javac.main.JavaCompiler.processAnnotations(JavaCompiler.java:1262)
[ERROR] 	at jdk.compiler/com.sun.tools.javac.main.JavaCompiler.compile(JavaCompiler.java:938)
[ERROR] 	at jdk.compiler/com.sun.tools.javac.main.Main.compile(Main.java:319)
[ERROR] 	at jdk.compiler/com.sun.tools.javac.main.Main.compile(Main.java:178)
[ERROR] 	at jdk.compiler/com.sun.tools.javac.Main.compile(Main.java:66)
[ERROR] 	at jdk.compiler/com.sun.tools.javac.Main.main(Main.java:52)
[ERROR] Caused by: java.lang.NoSuchFieldException: com.sun.tools.javac.code.TypeTag :: UNKNOWN
[ERROR] 	at lombok.permit.Permit.getField(Permit.java:144)
[ERROR] 	at lombok.javac.JavacTreeMaker$SchroedingerType.getFieldCached(JavacTreeMaker.java:171)
[ERROR] 	at lombok.javac.JavacTreeMaker$TypeTag.typeTag(JavacTreeMaker.java:259)
[ERROR] 	at lombok.javac.Javac.<clinit>(Javac.java:187)
[ERROR] 	... 16 more
[ERROR] 
[ERROR] 
[ERROR] -> [Help 1]
[ERROR] 
[ERROR] To see the full stack trace of the errors, re-run Maven with the -e switch.
[ERROR] Re-run Maven using the -X switch to enable full debug logging.
[ERROR] 
[ERROR] For more information about the errors and possible solutions, please read the following articles:
[ERROR] [Help 1] http://cwiki.apache.org/confluence/display/MAVEN/MojoFailureException
